[
    {
        "function": "listTableNames()",
        "parameters": [],
        "result": [
            "old_table_1",
            "old_table_2"
        ]
    },
    {
        "statement": "SET foreign_key_checks = 0"
    },
    {
        "function": "listTableForeignKeys()",
        "parameters": [
            "old_table_1"
        ],
        "result": [
            "constraint_1",
            "constraint_2"
        ]
    },
    {
        "function": "dropForeignKey()",
        "parameters": [
            "constraint_1",
            "old_table_1"
        ],
        "result": []
    },
    {
        "function": "dropForeignKey()",
        "parameters": [
            "constraint_2",
            "old_table_1"
        ],
        "result": []
    },
    {
        "function": "dropTable()",
        "parameters": [
            "old_table_1"
        ],
        "result": []
    },
    {
        "function": "listTableForeignKeys()",
        "parameters": [
            "old_table_2"
        ],
        "result": []
    },
    {
        "function": "dropTable()",
        "parameters": [
            "old_table_2"
        ],
        "result": []
    },
    {
        "statement": "SET foreign_key_checks = 1"
    },
    {
        "statement": "CREATE TABLE foo (id INT AUTO_INCREMENT NOT NULL, bar VARCHAR(255) NOT NULL)"
    }
]