[
    {
        "query": "SELECT `TABLE_NAME` FROM INFORMATION_SCHEMA.TABLES WHERE TABLE_SCHEMA = :table",
        "parameters": {
            "table": "database_name"
        },
        "result": [
            {
                "TABLE_NAME": "foo"
            }
        ]
    },
    {
        "statement": "SET foreign_key_checks = 0"
    },
    {
        "statement": "DELETE FROM `foo`"
    },
    {
        "statement": "SET foreign_key_checks = 1"
    }
]
