[
    {
        "function": "listTableNames()",
        "parameters": [],
        "result": []
    },
    {
        "statement": "CREATE TABLE foo (id INT AUTO_INCREMENT NOT NULL, bar VARCHAR(255) NOT NULL)"
    },
    {
        "function": "listTableNames()",
        "parameters": [],
        "result": []
    }
]