[
    {
        "query": "SHOW FULL TABLES WHERE Table_type = 'BASE TABLE'",
        "parameters": [],
        "result": []
    },
    {
        "statement": "CREATE TABLE foo (id INT AUTO_INCREMENT NOT NULL, bar VARCHAR(255) NOT NULL) DEFAULT CHARACTER SET utf8 COLLATE `utf8_unicode_ci` ENGINE = InnoDB"
    }
]